stm32h7xx_hal_msp.c:66:6:HAL_MspInit	16	static
stm32h7xx_hal_msp.c:87:6:HAL_ADC_MspInit	56	static
stm32h7xx_hal_msp.c:148:6:HAL_ADC_MspDeInit	16	static
stm32h7xx_hal_msp.c:190:6:HAL_ETH_MspInit	64	static
stm32h7xx_hal_msp.c:251:6:HAL_ETH_MspDeInit	16	static
stm32h7xx_hal_msp.c:293:6:HAL_CEC_MspInit	240	static
stm32h7xx_hal_msp.c:341:6:HAL_CEC_MspDeInit	16	static
stm32h7xx_hal_msp.c:371:6:HAL_QSPI_MspInit	256	static
stm32h7xx_hal_msp.c:471:6:HAL_QSPI_MspDeInit	16	static
stm32h7xx_hal_msp.c:516:6:HAL_RTC_MspInit	208	static
stm32h7xx_hal_msp.c:548:6:HAL_RTC_MspDeInit	16	static
stm32h7xx_hal_msp.c:570:6:HAL_SD_MspInit	240	static
stm32h7xx_hal_msp.c:629:6:HAL_SD_MspDeInit	16	static
stm32h7xx_hal_msp.c:665:6:HAL_SPDIFRX_MspInit	240	static
stm32h7xx_hal_msp.c:710:6:HAL_SPDIFRX_MspDeInit	16	static
stm32h7xx_hal_msp.c:738:6:HAL_SPI_MspInit	256	static
stm32h7xx_hal_msp.c:838:6:HAL_SPI_MspDeInit	16	static
stm32h7xx_hal_msp.c:893:6:HAL_TIM_OC_MspInit	24	static
stm32h7xx_hal_msp.c:915:6:HAL_TIM_Base_MspInit	48	static
stm32h7xx_hal_msp.c:944:6:HAL_TIM_MspPostInit	40	static
stm32h7xx_hal_msp.c:977:6:HAL_TIM_OC_MspDeInit	16	static
stm32h7xx_hal_msp.c:999:6:HAL_TIM_Base_MspDeInit	16	static
stm32h7xx_hal_msp.c:1027:6:HAL_UART_MspInit	240	static
stm32h7xx_hal_msp.c:1094:6:HAL_UART_MspDeInit	16	static
stm32h7xx_hal_msp.c:1134:6:HAL_PCD_MspInit	256	static
stm32h7xx_hal_msp.c:1226:6:HAL_PCD_MspDeInit	16	static
stm32h7xx_hal_msp.c:1271:13:HAL_FMC_MspInit	224	static
stm32h7xx_hal_msp.c:1409:6:HAL_SDRAM_MspInit	16	static
stm32h7xx_hal_msp.c:1421:13:HAL_FMC_MspDeInit	8	static
stm32h7xx_hal_msp.c:1517:6:HAL_SDRAM_MspDeInit	16	static
stm32h7xx_hal_msp.c:1529:6:HAL_SAI_MspInit	240	static
stm32h7xx_hal_msp.c:1605:6:HAL_SAI_MspDeInit	16	static
